
> temp-app@0.1.0 build
> npm run clean && npx prisma generate && next build && tsc --project tsconfig.server.json


> temp-app@0.1.0 clean
> rm -rf .next dist

Environment variables loaded from .env
Prisma schema loaded from prisma/schema.prisma

✔ Generated Prisma Client (v5.13.0) to ./node_modules/@prisma/client in 102ms

Start using Prisma Client in Node.js (See: https://pris.ly/d/client)
```
import { PrismaClient } from '@prisma/client'
const prisma = new PrismaClient()
```
or start using Prisma Client at the edge (See: https://pris.ly/d/accelerate)
```
import { PrismaClient } from '@prisma/client/edge'
const prisma = new PrismaClient()
```

See other ways of importing Prisma Client: http://pris.ly/d/importing-client

┌────────────────────────────────────────────────────────────────┐
│  Supercharge your Prisma Client with global database caching,  │
│  scalable connection pooling and real-time database events.    │
│  Explore Prisma Accelerate: https://pris.ly/cli/-accelerate    │
│  Explore Prisma Pulse: https://pris.ly/cli/-pulse              │
└────────────────────────────────────────────────────────────────┘

  ▲ Next.js 14.2.35
  - Environments: .env

   Creating an optimized production build ...
 ✓ Compiled successfully
   Linting and checking validity of types ...

./app/about/page.tsx
34:14  Warning: Using `<img>` could result in slower LCP and higher bandwidth. Consider using `<Image />` from `next/image` to automatically optimize images. This may incur additional usage or cost from your provider. See: https://nextjs.org/docs/messages/no-img-element  @next/next/no-img-element

./app/catalog/page.tsx
28:17  Warning: Using `<img>` could result in slower LCP and higher bandwidth. Consider using `<Image />` from `next/image` to automatically optimize images. This may incur additional usage or cost from your provider. See: https://nextjs.org/docs/messages/no-img-element  @next/next/no-img-element

./app/login/page.tsx
42:11  Warning: Using `<img>` could result in slower LCP and higher bandwidth. Consider using `<Image />` from `next/image` to automatically optimize images. This may incur additional usage or cost from your provider. See: https://nextjs.org/docs/messages/no-img-element  @next/next/no-img-element

./app/page.tsx
25:11  Warning: Using `<img>` could result in slower LCP and higher bandwidth. Consider using `<Image />` from `next/image` to automatically optimize images. This may incur additional usage or cost from your provider. See: https://nextjs.org/docs/messages/no-img-element  @next/next/no-img-element
74:13  Warning: Using `<img>` could result in slower LCP and higher bandwidth. Consider using `<Image />` from `next/image` to automatically optimize images. This may incur additional usage or cost from your provider. See: https://nextjs.org/docs/messages/no-img-element  @next/next/no-img-element

./app/register/page.tsx
66:11  Warning: Using `<img>` could result in slower LCP and higher bandwidth. Consider using `<Image />` from `next/image` to automatically optimize images. This may incur additional usage or cost from your provider. See: https://nextjs.org/docs/messages/no-img-element  @next/next/no-img-element

./components/Footer.tsx
32:17  Warning: Using `<img>` could result in slower LCP and higher bandwidth. Consider using `<Image />` from `next/image` to automatically optimize images. This may incur additional usage or cost from your provider. See: https://nextjs.org/docs/messages/no-img-element  @next/next/no-img-element

./components/Navbar.tsx
18:11  Warning: Using `<img>` could result in slower LCP and higher bandwidth. Consider using `<Image />` from `next/image` to automatically optimize images. This may incur additional usage or cost from your provider. See: https://nextjs.org/docs/messages/no-img-element  @next/next/no-img-element

info  - Need to disable some ESLint rules? Learn more here: https://nextjs.org/docs/basic-features/eslint#disabling-rules
   Collecting page data ...
   Generating static pages (0/13) ...
   Generating static pages (3/13) 
   Generating static pages (6/13) 
   Generating static pages (9/13) 
 ✓ Generating static pages (13/13)
   Finalizing page optimization ...
   Collecting build traces ...

Route (app)                              Size     First Load JS
┌ ○ /                                    3.54 kB        99.5 kB
├ ○ /_not-found                          873 B          88.1 kB
├ ○ /about                               138 B          87.4 kB
├ ƒ /api/contact                         0 B                0 B
├ ○ /calculator                          2.43 kB        89.7 kB
├ ○ /catalog                             174 B          96.1 kB
├ ○ /contact                             2.95 kB        90.2 kB
├ ○ /dashboard                           1.26 kB        88.5 kB
├ ○ /login                               1.41 kB        97.4 kB
└ ○ /register                            1.73 kB        97.7 kB
+ First Load JS shared by all            87.3 kB
  ├ chunks/117-927f6747a60303b7.js       31.7 kB
  ├ chunks/fd9d1056-a4fc1defb06d3e84.js  53.6 kB
  └ other shared chunks (total)          1.89 kB


○  (Static)   prerendered as static content
ƒ  (Dynamic)  server-rendered on demand

